Archive member included because of file (symbol)

c:/arquivos de programas/atmel/avr studio 5.1/extensions/atmel/avrgcc/3.3.1.27/avrtoolchain/bin/../lib/gcc/avr/4.5.1/avr5\libgcc.a(_udivmodhi4.o)
                              LCD.o (__udivmodhi4)
c:/arquivos de programas/atmel/avr studio 5.1/extensions/atmel/avrgcc/3.3.1.27/avrtoolchain/bin/../lib/gcc/avr/4.5.1/avr5\libgcc.a(_exit.o)
                              c:/arquivos de programas/atmel/avr studio 5.1/extensions/atmel/avrgcc/3.3.1.27/avrtoolchain/bin/../lib/gcc/avr/4.5.1/../../../../avr/lib/avr5/crtm328p.o (exit)
c:/arquivos de programas/atmel/avr studio 5.1/extensions/atmel/avrgcc/3.3.1.27/avrtoolchain/bin/../lib/gcc/avr/4.5.1/avr5\libgcc.a(_copy_data.o)
                              main.o (__do_copy_data)
c:/arquivos de programas/atmel/avr studio 5.1/extensions/atmel/avrgcc/3.3.1.27/avrtoolchain/bin/../lib/gcc/avr/4.5.1/avr5\libgcc.a(_clear_bss.o)
                              main.o (__do_clear_bss)

Allocating common symbols
Common symbol       size              file

horas               0x1               main.o
digitos             0x5               main.o
segundos            0x1               main.o
conta               0x1               main.o
minutos             0x1               main.o

Memory Configuration

Name             Origin             Length             Attributes
text             0x00000000         0x00020000         xr
data             0x00800060         0x0000ffa0         rw !x
eeprom           0x00810000         0x00010000         rw !x
fuse             0x00820000         0x00000400         rw !x
lock             0x00830000         0x00000400         rw !x
signature        0x00840000         0x00000400         rw !x
*default*        0x00000000         0xffffffff

Linker script and memory map

Address of section .data set to 0x800100
LOAD c:/arquivos de programas/atmel/avr studio 5.1/extensions/atmel/avrgcc/3.3.1.27/avrtoolchain/bin/../lib/gcc/avr/4.5.1/../../../../avr/lib/avr5/crtm328p.o
LOAD LCD.o
LOAD main.o
LOAD c:/arquivos de programas/atmel/avr studio 5.1/extensions/atmel/avrgcc/3.3.1.27/avrtoolchain/bin/../lib/gcc/avr/4.5.1/../../../../avr/lib/avr5\libm.a
LOAD c:/arquivos de programas/atmel/avr studio 5.1/extensions/atmel/avrgcc/3.3.1.27/avrtoolchain/bin/../lib/gcc/avr/4.5.1/avr5\libgcc.a
LOAD c:/arquivos de programas/atmel/avr studio 5.1/extensions/atmel/avrgcc/3.3.1.27/avrtoolchain/bin/../lib/gcc/avr/4.5.1/../../../../avr/lib/avr5\libc.a
LOAD c:/arquivos de programas/atmel/avr studio 5.1/extensions/atmel/avrgcc/3.3.1.27/avrtoolchain/bin/../lib/gcc/avr/4.5.1/avr5\libgcc.a

.hash
 *(.hash)

.dynsym
 *(.dynsym)

.dynstr
 *(.dynstr)

.gnu.version
 *(.gnu.version)

.gnu.version_d
 *(.gnu.version_d)

.gnu.version_r
 *(.gnu.version_r)

.rel.init
 *(.rel.init)

.rela.init
 *(.rela.init)

.rel.text
 *(.rel.text)
 *(.rel.text.*)
 *(.rel.gnu.linkonce.t*)

.rela.text
 *(.rela.text)
 *(.rela.text.*)
 *(.rela.gnu.linkonce.t*)

.rel.fini
 *(.rel.fini)

.rela.fini
 *(.rela.fini)

.rel.rodata
 *(.rel.rodata)
 *(.rel.rodata.*)
 *(.rel.gnu.linkonce.r*)

.rela.rodata
 *(.rela.rodata)
 *(.rela.rodata.*)
 *(.rela.gnu.linkonce.r*)

.rel.data
 *(.rel.data)
 *(.rel.data.*)
 *(.rel.gnu.linkonce.d*)

.rela.data
 *(.rela.data)
 *(.rela.data.*)
 *(.rela.gnu.linkonce.d*)

.rel.ctors
 *(.rel.ctors)

.rela.ctors
 *(.rela.ctors)

.rel.dtors
 *(.rel.dtors)

.rela.dtors
 *(.rela.dtors)

.rel.got
 *(.rel.got)

.rela.got
 *(.rela.got)

.rel.bss
 *(.rel.bss)

.rela.bss
 *(.rela.bss)

.rel.plt
 *(.rel.plt)

.rela.plt
 *(.rela.plt)

.text           0x00000000      0xcdc
 *(.vectors)
 .vectors       0x00000000       0x68 c:/arquivos de programas/atmel/avr studio 5.1/extensions/atmel/avrgcc/3.3.1.27/avrtoolchain/bin/../lib/gcc/avr/4.5.1/../../../../avr/lib/avr5/crtm328p.o
                0x00000000                __vector_default
                0x00000000                __vectors
 *(.vectors)
 *(.progmem.gcc*)
 *(.progmem*)
 .progmem.data  0x00000068       0xea main.o
                0x00000068                msg_bemvindo
                0x00000083                msg_agitacao1
                0x0000009b                msg_molho1
                0x000000af                msg_agitacao2
                0x000000c5                msg_molho2
                0x000000db                msg_centrifuga
                0x000000f2                msg_inicializando
                0x00000106                msg_fim
                0x0000011d                msg_enchendo
                0x0000012d                msg_esvaziando
                0x0000013f                msg_reiniciando
                0x00000152                . = ALIGN (0x2)
                0x00000152                __trampolines_start = .
 *(.trampolines)
 .trampolines   0x00000152        0x0 linker stubs
 *(.trampolines*)
                0x00000152                __trampolines_end = .
 *(.jumptables)
 *(.jumptables*)
 *(.lowtext)
 *(.lowtext*)
                0x00000152                __ctors_start = .
 *(.ctors)
                0x00000152                __ctors_end = .
                0x00000152                __dtors_start = .
 *(.dtors)
                0x00000152                __dtors_end = .
 SORT(*)(.ctors)
 SORT(*)(.dtors)
 *(.init0)
 .init0         0x00000152        0x0 c:/arquivos de programas/atmel/avr studio 5.1/extensions/atmel/avrgcc/3.3.1.27/avrtoolchain/bin/../lib/gcc/avr/4.5.1/../../../../avr/lib/avr5/crtm328p.o
                0x00000152                __init
 *(.init0)
 *(.init1)
 *(.init1)
 *(.init2)
 .init2         0x00000152        0xc c:/arquivos de programas/atmel/avr studio 5.1/extensions/atmel/avrgcc/3.3.1.27/avrtoolchain/bin/../lib/gcc/avr/4.5.1/../../../../avr/lib/avr5/crtm328p.o
 *(.init2)
 *(.init3)
 *(.init3)
 *(.init4)
 .init4         0x0000015e       0x16 c:/arquivos de programas/atmel/avr studio 5.1/extensions/atmel/avrgcc/3.3.1.27/avrtoolchain/bin/../lib/gcc/avr/4.5.1/avr5\libgcc.a(_copy_data.o)
                0x0000015e                __do_copy_data
 .init4         0x00000174       0x10 c:/arquivos de programas/atmel/avr studio 5.1/extensions/atmel/avrgcc/3.3.1.27/avrtoolchain/bin/../lib/gcc/avr/4.5.1/avr5\libgcc.a(_clear_bss.o)
                0x00000174                __do_clear_bss
 *(.init4)
 *(.init5)
 *(.init5)
 *(.init6)
 *(.init6)
 *(.init7)
 *(.init7)
 *(.init8)
 *(.init8)
 *(.init9)
 .init9         0x00000184        0x8 c:/arquivos de programas/atmel/avr studio 5.1/extensions/atmel/avrgcc/3.3.1.27/avrtoolchain/bin/../lib/gcc/avr/4.5.1/../../../../avr/lib/avr5/crtm328p.o
 *(.init9)
 *(.text)
 .text          0x0000018c        0x4 c:/arquivos de programas/atmel/avr studio 5.1/extensions/atmel/avrgcc/3.3.1.27/avrtoolchain/bin/../lib/gcc/avr/4.5.1/../../../../avr/lib/avr5/crtm328p.o
                0x0000018c                __vector_22
                0x0000018c                __vector_1
                0x0000018c                __vector_24
                0x0000018c                __vector_12
                0x0000018c                __bad_interrupt
                0x0000018c                __vector_6
                0x0000018c                __vector_3
                0x0000018c                __vector_23
                0x0000018c                __vector_25
                0x0000018c                __vector_11
                0x0000018c                __vector_13
                0x0000018c                __vector_17
                0x0000018c                __vector_19
                0x0000018c                __vector_7
                0x0000018c                __vector_5
                0x0000018c                __vector_4
                0x0000018c                __vector_9
                0x0000018c                __vector_2
                0x0000018c                __vector_21
                0x0000018c                __vector_15
                0x0000018c                __vector_8
                0x0000018c                __vector_14
                0x0000018c                __vector_10
                0x0000018c                __vector_18
                0x0000018c                __vector_20
 .text          0x00000190      0x1ae LCD.o
                0x00000190                cmd_LCD
                0x000001fe                inic_LCD_4bits
                0x000002ce                escreve_LCD
                0x000002ee                escreve_LCD_Flash
                0x00000318                ident_num
 .text          0x0000033e      0x972 main.o
                0x0000033e                configura_agitacao1
                0x0000042c                configura_molho1
                0x0000051a                configura_agitacao2
                0x00000608                configura_centrifuga
                0x00000702                inicializando
                0x0000077a                configura_molho2
                0x00000868                enchendo
                0x000008a0                agitacao1
                0x000008e0                molho1
                0x0000091c                agitacao2
                0x0000095c                molho2
                0x00000984                esvaziando
                0x000009bc                centrifuga
                0x000009f4                reinicializando
                0x00000a1c                imprime_relogio
                0x00000a7a                configura_temporizacao
                0x00000a90                __vector_16
                0x00000b38                main
 .text          0x00000cb0        0x0 c:/arquivos de programas/atmel/avr studio 5.1/extensions/atmel/avrgcc/3.3.1.27/avrtoolchain/bin/../lib/gcc/avr/4.5.1/avr5\libgcc.a(_udivmodhi4.o)
 .text          0x00000cb0        0x0 c:/arquivos de programas/atmel/avr studio 5.1/extensions/atmel/avrgcc/3.3.1.27/avrtoolchain/bin/../lib/gcc/avr/4.5.1/avr5\libgcc.a(_exit.o)
 .text          0x00000cb0        0x0 c:/arquivos de programas/atmel/avr studio 5.1/extensions/atmel/avrgcc/3.3.1.27/avrtoolchain/bin/../lib/gcc/avr/4.5.1/avr5\libgcc.a(_copy_data.o)
 .text          0x00000cb0        0x0 c:/arquivos de programas/atmel/avr studio 5.1/extensions/atmel/avrgcc/3.3.1.27/avrtoolchain/bin/../lib/gcc/avr/4.5.1/avr5\libgcc.a(_clear_bss.o)
                0x00000cb0                . = ALIGN (0x2)
 *(.text.*)
 .text.libgcc   0x00000cb0       0x28 c:/arquivos de programas/atmel/avr studio 5.1/extensions/atmel/avrgcc/3.3.1.27/avrtoolchain/bin/../lib/gcc/avr/4.5.1/avr5\libgcc.a(_udivmodhi4.o)
                0x00000cb0                __udivmodhi4
 .text.libgcc   0x00000cd8        0x0 c:/arquivos de programas/atmel/avr studio 5.1/extensions/atmel/avrgcc/3.3.1.27/avrtoolchain/bin/../lib/gcc/avr/4.5.1/avr5\libgcc.a(_exit.o)
 .text.libgcc   0x00000cd8        0x0 c:/arquivos de programas/atmel/avr studio 5.1/extensions/atmel/avrgcc/3.3.1.27/avrtoolchain/bin/../lib/gcc/avr/4.5.1/avr5\libgcc.a(_copy_data.o)
 .text.libgcc   0x00000cd8        0x0 c:/arquivos de programas/atmel/avr studio 5.1/extensions/atmel/avrgcc/3.3.1.27/avrtoolchain/bin/../lib/gcc/avr/4.5.1/avr5\libgcc.a(_clear_bss.o)
                0x00000cd8                . = ALIGN (0x2)
 *(.fini9)
 .fini9         0x00000cd8        0x0 c:/arquivos de programas/atmel/avr studio 5.1/extensions/atmel/avrgcc/3.3.1.27/avrtoolchain/bin/../lib/gcc/avr/4.5.1/avr5\libgcc.a(_exit.o)
                0x00000cd8                _exit
                0x00000cd8                exit
 *(.fini9)
 *(.fini8)
 *(.fini8)
 *(.fini7)
 *(.fini7)
 *(.fini6)
 *(.fini6)
 *(.fini5)
 *(.fini5)
 *(.fini4)
 *(.fini4)
 *(.fini3)
 *(.fini3)
 *(.fini2)
 *(.fini2)
 *(.fini1)
 *(.fini1)
 *(.fini0)
 .fini0         0x00000cd8        0x4 c:/arquivos de programas/atmel/avr studio 5.1/extensions/atmel/avrgcc/3.3.1.27/avrtoolchain/bin/../lib/gcc/avr/4.5.1/avr5\libgcc.a(_exit.o)
 *(.fini0)
                0x00000cdc                _etext = .

.data           0x00800100        0x6 load address 0x00000cdc
                0x00800100                PROVIDE (__data_start, .)
 *(.data)
 .data          0x00800100        0x0 c:/arquivos de programas/atmel/avr studio 5.1/extensions/atmel/avrgcc/3.3.1.27/avrtoolchain/bin/../lib/gcc/avr/4.5.1/../../../../avr/lib/avr5/crtm328p.o
 .data          0x00800100        0x0 LCD.o
 .data          0x00800100        0x5 main.o
                0x00800100                tempoagitacao1
                0x00800101                tempoagitacao2
                0x00800102                tempomolho1
                0x00800103                tempomolho2
                0x00800104                tempocentrifuga
 .data          0x00800105        0x0 c:/arquivos de programas/atmel/avr studio 5.1/extensions/atmel/avrgcc/3.3.1.27/avrtoolchain/bin/../lib/gcc/avr/4.5.1/avr5\libgcc.a(_udivmodhi4.o)
 .data          0x00800105        0x0 c:/arquivos de programas/atmel/avr studio 5.1/extensions/atmel/avrgcc/3.3.1.27/avrtoolchain/bin/../lib/gcc/avr/4.5.1/avr5\libgcc.a(_exit.o)
 .data          0x00800105        0x0 c:/arquivos de programas/atmel/avr studio 5.1/extensions/atmel/avrgcc/3.3.1.27/avrtoolchain/bin/../lib/gcc/avr/4.5.1/avr5\libgcc.a(_copy_data.o)
 .data          0x00800105        0x0 c:/arquivos de programas/atmel/avr studio 5.1/extensions/atmel/avrgcc/3.3.1.27/avrtoolchain/bin/../lib/gcc/avr/4.5.1/avr5\libgcc.a(_clear_bss.o)
 *(.data*)
 *(.rodata)
 *(.rodata*)
 *(.gnu.linkonce.d*)
                0x00800106                . = ALIGN (0x2)
 *fill*         0x00800105        0x1 00
                0x00800106                _edata = .
                0x00800106                PROVIDE (__data_end, .)

.bss            0x00800106        0xe
                0x00800106                PROVIDE (__bss_start, .)
 *(.bss)
 .bss           0x00800106        0x0 c:/arquivos de programas/atmel/avr studio 5.1/extensions/atmel/avrgcc/3.3.1.27/avrtoolchain/bin/../lib/gcc/avr/4.5.1/../../../../avr/lib/avr5/crtm328p.o
 .bss           0x00800106        0x0 LCD.o
 .bss           0x00800106        0x5 main.o
                0x00800106                tempo
                0x00800108                pressionado
                0x0080010a                estado
 .bss           0x0080010b        0x0 c:/arquivos de programas/atmel/avr studio 5.1/extensions/atmel/avrgcc/3.3.1.27/avrtoolchain/bin/../lib/gcc/avr/4.5.1/avr5\libgcc.a(_udivmodhi4.o)
 .bss           0x0080010b        0x0 c:/arquivos de programas/atmel/avr studio 5.1/extensions/atmel/avrgcc/3.3.1.27/avrtoolchain/bin/../lib/gcc/avr/4.5.1/avr5\libgcc.a(_exit.o)
 .bss           0x0080010b        0x0 c:/arquivos de programas/atmel/avr studio 5.1/extensions/atmel/avrgcc/3.3.1.27/avrtoolchain/bin/../lib/gcc/avr/4.5.1/avr5\libgcc.a(_copy_data.o)
 .bss           0x0080010b        0x0 c:/arquivos de programas/atmel/avr studio 5.1/extensions/atmel/avrgcc/3.3.1.27/avrtoolchain/bin/../lib/gcc/avr/4.5.1/avr5\libgcc.a(_clear_bss.o)
 *(.bss*)
 *(COMMON)
 COMMON         0x0080010b        0x9 main.o
                0x0080010b                horas
                0x0080010c                digitos
                0x00800111                segundos
                0x00800112                conta
                0x00800113                minutos
                0x00800114                PROVIDE (__bss_end, .)
                0x00000cdc                __data_load_start = LOADADDR (.data)
                0x00000ce2                __data_load_end = (__data_load_start + SIZEOF (.data))

.noinit         0x00800114        0x0
                0x00800114                PROVIDE (__noinit_start, .)
 *(.noinit*)
                0x00800114                PROVIDE (__noinit_end, .)
                0x00800114                _end = .
                0x00800114                PROVIDE (__heap_start, .)

.eeprom         0x00810000        0x0
 *(.eeprom*)
                0x00810000                __eeprom_end = .

.fuse
 *(.fuse)
 *(.lfuse)
 *(.hfuse)
 *(.efuse)

.lock
 *(.lock*)

.signature
 *(.signature*)

.stab           0x00000000      0x6cc
 *(.stab)
 .stab          0x00000000      0x6cc c:/arquivos de programas/atmel/avr studio 5.1/extensions/atmel/avrgcc/3.3.1.27/avrtoolchain/bin/../lib/gcc/avr/4.5.1/../../../../avr/lib/avr5/crtm328p.o

.stabstr        0x00000000       0x90
 *(.stabstr)
 .stabstr       0x00000000       0x90 c:/arquivos de programas/atmel/avr studio 5.1/extensions/atmel/avrgcc/3.3.1.27/avrtoolchain/bin/../lib/gcc/avr/4.5.1/../../../../avr/lib/avr5/crtm328p.o

.stab.excl
 *(.stab.excl)

.stab.exclstr
 *(.stab.exclstr)

.stab.index
 *(.stab.index)

.stab.indexstr
 *(.stab.indexstr)

.comment
 *(.comment)

.debug
 *(.debug)

.line
 *(.line)

.debug_srcinfo
 *(.debug_srcinfo)

.debug_sfnames
 *(.debug_sfnames)

.debug_aranges  0x00000000       0x40
 *(.debug_aranges)
 .debug_aranges
                0x00000000       0x20 LCD.o
 .debug_aranges
                0x00000020       0x20 main.o

.debug_pubnames
                0x00000000      0x32d
 *(.debug_pubnames)
 .debug_pubnames
                0x00000000       0x65 LCD.o
 .debug_pubnames
                0x00000065      0x2c8 main.o

.debug_info     0x00000000     0x1220
 *(.debug_info)
 .debug_info    0x00000000      0x819 LCD.o
 .debug_info    0x00000819      0xa07 main.o
 *(.gnu.linkonce.wi.*)

.debug_abbrev   0x00000000      0x31d
 *(.debug_abbrev)
 .debug_abbrev  0x00000000      0x1a3 LCD.o
 .debug_abbrev  0x000001a3      0x17a main.o

.debug_line     0x00000000      0xe68
 *(.debug_line)
 .debug_line    0x00000000      0x42e LCD.o
 .debug_line    0x0000042e      0xa3a main.o

.debug_frame    0x00000000      0x190
 *(.debug_frame)
 .debug_frame   0x00000000       0x60 LCD.o
 .debug_frame   0x00000060      0x130 main.o

.debug_str      0x00000000      0x381
 *(.debug_str)
 .debug_str     0x00000000      0x1b6 LCD.o
                                0x1ef (size before relaxing)
 .debug_str     0x000001b6      0x1cb main.o
                                0x393 (size before relaxing)

.debug_loc      0x00000000      0x66c
 *(.debug_loc)
 .debug_loc     0x00000000      0x234 LCD.o
 .debug_loc     0x00000234      0x438 main.o

.debug_macinfo
 *(.debug_macinfo)
OUTPUT(maquina_lavar_C_funcoes_timer.elf elf32-avr)
LOAD linker stubs

.debug_pubtypes
                0x00000000       0x70
 .debug_pubtypes
                0x00000000       0x38 LCD.o
 .debug_pubtypes
                0x00000038       0x38 main.o

.debug_ranges   0x00000000       0x18
 .debug_ranges  0x00000000       0x18 LCD.o
